

Sat May 18 18:46:35 2019
Command line: TestDisk

TestDisk 7.0, Data Recovery Utility, April 2015
Christophe GRENIER <grenier@cgsecurity.org>
http://www.cgsecurity.org
OS: Linux, kernel 4.15.0-50-generic (#54~16.04.1-Ubuntu SMP Wed May 8 15:55:19 UTC 2019) x86_64
Compiler: GCC 5.3
ext2fs lib: 1.42.13, ntfs lib: libntfs-3g, reiserfs lib: none, ewf lib: none, curses lib: ncurses 6.0
/dev/sda: LBA, HPA, LBA48, DCO support
/dev/sda: size       976773168 sectors
/dev/sda: user_max   976773168 sectors
/dev/sda: native_max 976773168 sectors
/dev/sda: dco        976773168 sectors
Warning: can't get size for Disk /dev/mapper/control - 0 B - 0 sectors, sector size=512
Hard disk list
Disk /dev/sda - 500 GB / 465 GiB - CHS 60801 255 63, sector size=512 - ST500LT012-9WS142, S/N:W0V7JQZB, FW:0001SDM1

Partition table type (auto): Intel
Disk /dev/sda - 500 GB / 465 GiB - ST500LT012-9WS142
Partition table type: Intel

Interface Advanced
Geometry from i386 MBR: head=255 sector=63


test_FAT()
 1 P FAT16 >32M               0  32 33    12 223 19     204800
sector_size  0
cluster_size 0
reserved     0
fats         0
dir_entries  0
sectors      0
media        00
fat_length   0
secs_track   0
heads        0
hidden       0
total_sect   0
check_part_i386 failed for partition type 06
NTFS at 31970/217/56
 1 P FAT16 >32M               0  32 33    12 223 19     204800
 2 E extended                13   0 50 31970 217 55  513402882
 5 L Linux Swap              13   0 52   499  56  5    7811072
     SWAP2 version 1, pagesize=4096, 3999 MB / 3814 MiB
   X extended               499  56  6 31970 217 55  505591808
 6 L Linux                  499  88 38 31970 217 55  505589760
     ext4 blocksize=4096 Large_file Sparse_SB Recover, 258 GB / 241 GiB
 3 * HPFS - NTFS          31970 217 56 60801  47 46  463159296
     NTFS, blocksize=4096, 237 GB / 220 GiB
SIGINT detected! TestDisk has been killed.
